// Jest Snapshot v1, https://goo.gl/fbAQLP

exports[`RenderPostsBeforeDate renders the page unchanged 1`] = `
<div>
  <div
    class="container"
  >
    <div
      class="mainContent"
    >
      <header>
        <h2>
          Posts before 
          2022-01-01
        </h2>
      </header>
      <div
        class="post"
      >
        <div
          class="postDate"
        >
          2021-11-06
        </div>
        <div
          class="postTags"
        >
          <a
            href="/blog/tag/Diary"
          >
            Diary
          </a>
        </div>
        <h3
          class="postTitle"
        >
          <a
            href="/blog/ihatov"
          >
            あのイーハトーヴォのすきとおった風
          </a>
        </h3>
        <div
          class="postExcerpt"
        >
          <p>
            あのイーハトーヴォのすきとおった風、夏でも底に冷たさをもつ青いそら、うつくしい森で飾られたモリーオ市、郊外のぎらぎらひかる草の波。
          </p>
        </div>
        <div
          class="readMoreLink"
        >
          <a
            class="readMore"
            href="/blog/ihatov"
          >
            Read more
          </a>
        </div>
      </div>
      <div
        class="post"
      >
        <div
          class="postDate"
        >
          2021-11-03
        </div>
        <div
          class="postTags"
        >
          <a
            href="/blog/tag/Diary"
          >
            Diary
          </a>
        </div>
        <h3
          class="postTitle"
        >
          <a
            href="/blog/supported-blocks"
          >
            Supported blocks
          </a>
        </h3>
        <div
          class="postExcerpt"
        >
          <p>
            Supported blocks in easy-notion-blog
          </p>
        </div>
        <div
          class="readMoreLink"
        >
          <a
            class="readMore"
            href="/blog/supported-blocks"
          >
            Read more
          </a>
        </div>
      </div>
      <div
        class="post"
      >
        <div
          class="postDate"
        >
          2021-11-01
        </div>
        <div
          class="postTags"
        >
          <a
            href="/blog/tag/Diary"
          >
            Diary
          </a>
        </div>
        <h3
          class="postTitle"
        >
          <a
            href="/blog/my-first-post"
          >
            My 1st post
          </a>
        </h3>
        <div
          class="postExcerpt"
        >
          <p>
            This is an excerpt.
          </p>
        </div>
        <div
          class="readMoreLink"
        >
          <a
            class="readMore"
            href="/blog/my-first-post"
          >
            Read more
          </a>
        </div>
      </div>
      <footer>
        <div
          class="nextPageLink"
        >
          <a
            href="/blog/before/2021-11-01"
          >
            Next page ＞
          </a>
        </div>
      </footer>
    </div>
    <div
      class="subContent"
    >
      <div
        class="blogPostLink"
      >
        <h3>
          Recommended
        </h3>
        <ul>
          <li>
            <a
              href="/blog/ihatov"
            >
              あのイーハトーヴォのすきとおった風
            </a>
          </li>
          <li>
            <a
              href="/blog/supported-blocks"
            >
              Supported blocks
            </a>
          </li>
          <li>
            <a
              href="/blog/my-first-post"
            >
              My 1st post
            </a>
          </li>
        </ul>
      </div>
      <div
        class="blogTagLink"
      >
        <h3>
          Categories
        </h3>
        <ul>
          <li>
            <a
              href="/blog/tag/Diary"
            >
              Diary
            </a>
          </li>
        </ul>
      </div>
    </div>
  </div>
</div>
`;
